
========================================
Test 1: Asymptotic Quasi-Static Limit
========================================
Quasi-Static Limit Convergence: Error During Test at E:\antigravity_folder\ADORE_V2_jl\test\test_physics_validation.jl:19
  Got exception outside of a @test
  ArgumentError: dt_output (0.01) must be < t_end (0.01)
  Stacktrace:
    [1] SimulationConfig
      @ E:\antigravity_folder\ADORE_V2_jl\src\Config\types.jl:413 [inlined]
    [2] #SimulationConfig#13
      @ E:\antigravity_folder\ADORE_V2_jl\src\Config\types.jl:395 [inlined]
    [3] macro expansion
      @ E:\antigravity_folder\ADORE_V2_jl\test\test_physics_validation.jl:30 [inlined]
    [4] macro expansion
      @ C:\Users\yuxinlu_qh\.julia\juliaup\julia-1.12.5+0.x64.w64.mingw32\share\julia\stdlib\v1.12\Test\src\Test.jl:1776 [inlined]
    [5] macro expansion
      @ E:\antigravity_folder\ADORE_V2_jl\test\test_physics_validation.jl:22 [inlined]
    [6] macro expansion
      @ C:\Users\yuxinlu_qh\.julia\juliaup\julia-1.12.5+0.x64.w64.mingw32\share\julia\stdlib\v1.12\Test\src\Test.jl:1776 [inlined]
    [7] top-level scope
      @ E:\antigravity_folder\ADORE_V2_jl\test\test_physics_validation.jl:16
    [8] include(mod::Module, _path::String)
      @ Base .\Base.jl:306
    [9] exec_options(opts::Base.JLOptions)
      @ Base .\client.jl:317
   [10] _start()
      @ Base .\client.jl:550

========================================
Test 2: Rotational Symmetry / Isotropy
========================================
Symmetry and Invariance under Pure Axial Load: Error During Test at E:\antigravity_folder\ADORE_V2_jl\test\test_physics_validation.jl:71
  Got exception outside of a @test
  ArgumentError: dt_output (0.02) must be < t_end (0.02)
  Stacktrace:
    [1] SimulationConfig
      @ E:\antigravity_folder\ADORE_V2_jl\src\Config\types.jl:413 [inlined]
    [2] #SimulationConfig#13
      @ E:\antigravity_folder\ADORE_V2_jl\src\Config\types.jl:395 [inlined]
    [3] macro expansion
      @ E:\antigravity_folder\ADORE_V2_jl\test\test_physics_validation.jl:79 [inlined]
    [4] macro expansion
      @ C:\Users\yuxinlu_qh\.julia\juliaup\julia-1.12.5+0.x64.w64.mingw32\share\julia\stdlib\v1.12\Test\src\Test.jl:1776 [inlined]
    [5] macro expansion
      @ E:\antigravity_folder\ADORE_V2_jl\test\test_physics_validation.jl:74 [inlined]
    [6] macro expansion
      @ C:\Users\yuxinlu_qh\.julia\juliaup\julia-1.12.5+0.x64.w64.mingw32\share\julia\stdlib\v1.12\Test\src\Test.jl:1776 [inlined]
    [7] top-level scope
      @ E:\antigravity_folder\ADORE_V2_jl\test\test_physics_validation.jl:16
    [8] include(mod::Module, _path::String)
      @ Base .\Base.jl:306
    [9] exec_options(opts::Base.JLOptions)
      @ Base .\client.jl:317
   [10] _start()
      @ Base .\client.jl:550

========================================
Test 3: Thermodynamic Dissipation Bound
========================================

=== Per-Mode Damping (味 = 0.03) ===
  K_hertz = 8.75e+07 N/m  (未_avg = 3.19 碌m)
  c_ball_trans  = 51.35 N路s/m  (c鈽?= 0.011000)
  c_ball_orbit  = 5.13 N路s/m  (c鈽?= 0.001100)
  c_ball_spin   = 0.0013 N路m路s   (c鈽?= 0.000000)
  c_ir          = 946.12 N路s/m  (c鈽?= 0.202684)
  c_cage        = 7.77 N路s/m  (c鈽?= 0.001664)
  c_tilt        = 946.12 N路s/m  (c鈽?= 1.000000)
[KERNEL-V3-TRAC] ode_rhs! loaded with Harris traction damping
[KERNEL-V3-TRAC] ode_rhs! loaded with Harris traction damping
[KERNEL-V3-TRAC] ode_rhs! loaded with Harris traction damping
[KERNEL-V3-TRAC] ode_rhs! loaded with Harris traction damping
[KERNEL-V3-TRAC] ode_rhs! loaded with Harris traction damping
[KERNEL-V3-TRAC] ode_rhs! loaded with Harris traction damping
[KERNEL-V3-TRAC] ode_rhs! loaded with Harris traction damping
[KERNEL-V3-TRAC] ode_rhs! loaded with Harris traction damping
[KERNEL-V3-TRAC] ode_rhs! loaded with Harris traction damping
[KERNEL-V3-TRAC] ode_rhs! loaded with Harris traction damping
[KERNEL-V3-TRAC] ode_rhs! loaded with Harris traction damping
[KERNEL-V3-TRAC] ode_rhs! loaded with Harris traction damping
[KERNEL-V3-TRAC] ode_rhs! loaded with Harris traction damping
[KERNEL-V3-TRAC] ode_rhs! loaded with Harris traction damping
[KERNEL-V3-TRAC] ode_rhs! loaded with Harris traction damping
[KERNEL-V3-TRAC] ode_rhs! loaded with Harris traction damping
[KERNEL-V3-TRAC] ode_rhs! loaded with Harris traction damping
[KERNEL-V3-TRAC] ode_rhs! loaded with Harris traction damping
[KERNEL-V3-TRAC] ode_rhs! loaded with Harris traction damping
[KERNEL-V3-TRAC] ode_rhs! loaded with Harris traction damping
[KERNEL-V3-TRAC] ode_rhs! loaded with Harris traction damping
[KERNEL-V3-TRAC] ode_rhs! loaded with Harris traction damping
[KERNEL-V3-TRAC] ode_rhs! loaded with Harris traction damping
[KERNEL-V3-TRAC] ode_rhs! loaded with Harris traction damping
[KERNEL-V3-TRAC] ode_rhs! loaded with Harris traction damping
[KERNEL-V3-TRAC] ode_rhs! loaded with Harris traction damping
[KERNEL-V3-TRAC] ode_rhs! loaded with Harris traction damping
[KERNEL-V3-TRAC] ode_rhs! loaded with Harris traction damping
[KERNEL-V3-TRAC] ode_rhs! loaded with Harris traction damping
[KERNEL-V3-TRAC] ode_rhs! loaded with Harris traction damping
[KERNEL-V3-TRAC] ode_rhs! loaded with Harris traction damping
[KERNEL-V3-TRAC] ode_rhs! loaded with Harris traction damping
[KERNEL-V3-TRAC] ode_rhs! loaded with Harris traction damping
[KERNEL-V3-TRAC] ode_rhs! loaded with Harris traction damping
[KERNEL-V3-TRAC] ode_rhs! loaded with Harris traction damping
[KERNEL-V3-TRAC] ode_rhs! loaded with Harris traction damping
[KERNEL-V3-TRAC] ode_rhs! loaded with Harris traction damping
[KERNEL-V3-TRAC] ode_rhs! loaded with Harris traction damping
[KERNEL-V3-TRAC] ode_rhs! loaded with Harris traction damping
[KERNEL-V3-TRAC] ode_rhs! loaded with Harris traction damping
[KERNEL-V3-TRAC] ode_rhs! loaded with Harris traction damping
[KERNEL-V3-TRAC] ode_rhs! loaded with Harris traction damping
[KERNEL-V3-TRAC] ode_rhs! loaded with Harris traction damping
[KERNEL-V3-TRAC] ode_rhs! loaded with Harris traction damping
[KERNEL-V3-TRAC] ode_rhs! loaded with Harris traction damping
[KERNEL-V3-TRAC] ode_rhs! loaded with Harris traction damping
[KERNEL-V3-TRAC] ode_rhs! loaded with Harris traction damping
[KERNEL-V3-TRAC] ode_rhs! loaded with Harris traction damping
[KERNEL-V3-TRAC] ode_rhs! loaded with Harris traction damping
[KERNEL-V3-TRAC] ode_rhs! loaded with Harris traction damping
[KERNEL-V3-TRAC] ode_rhs! loaded with Harris traction damping
[KERNEL-V3-TRAC] ode_rhs! loaded with Harris traction damping
[KERNEL-V3-TRAC] ode_rhs! loaded with Harris traction damping
[KERNEL-V3-TRAC] ode_rhs! loaded with Harris traction damping
[KERNEL-V3-TRAC] ode_rhs! loaded with Harris traction damping
[KERNEL-V3-TRAC] ode_rhs! loaded with Harris traction damping
[KERNEL-V3-TRAC] ode_rhs! loaded with Harris traction damping
[KERNEL-V3-TRAC] ode_rhs! loaded with Harris traction damping
[KERNEL-V3-TRAC] ode_rhs! loaded with Harris traction damping
[KERNEL-V3-TRAC] ode_rhs! loaded with Harris traction damping
[KERNEL-V3-TRAC] ode_rhs! loaded with Harris traction damping
[KERNEL-V3-TRAC] ode_rhs! loaded with Harris traction damping
[KERNEL-V3-TRAC] ode_rhs! loaded with Harris traction damping
[KERNEL-V3-TRAC] ode_rhs! loaded with Harris traction damping
[KERNEL-V3-TRAC] ode_rhs! loaded with Harris traction damping
[KERNEL-V3-TRAC] ode_rhs! loaded with Harris traction damping
[KERNEL-V3-TRAC] ode_rhs! loaded with Harris traction damping
[KERNEL-V3-TRAC] ode_rhs! loaded with Harris traction damping
[KERNEL-V3-TRAC] ode_rhs! loaded with Harris traction damping
[KERNEL-V3-TRAC] ode_rhs! loaded with Harris traction damping
[KERNEL-V3-TRAC] ode_rhs! loaded with Harris traction damping
[KERNEL-V3-TRAC] ode_rhs! loaded with Harris traction damping
[KERNEL-V3-TRAC] ode_rhs! loaded with Harris traction damping
[KERNEL-V3-TRAC] ode_rhs! loaded with Harris traction damping
[KERNEL-V3-TRAC] ode_rhs! loaded with Harris traction damping
[KERNEL-V3-TRAC] ode_rhs! loaded with Harris traction damping
[KERNEL-V3-TRAC] ode_rhs! loaded with Harris traction damping
[KERNEL-V3-TRAC] ode_rhs! loaded with Harris traction damping
[KERNEL-V3-TRAC] ode_rhs! loaded with Harris traction damping
[KERNEL-V3-TRAC] ode_rhs! loaded with Harris traction damping
[KERNEL-V3-TRAC] ode_rhs! loaded with Harris traction damping
[KERNEL-V3-TRAC] ode_rhs! loaded with Harris traction damping
[KERNEL-V3-TRAC] ode_rhs! loaded with Harris traction damping
[KERNEL-V3-TRAC] ode_rhs! loaded with Harris traction damping
[KERNEL-V3-TRAC] ode_rhs! loaded with Harris traction damping
[KERNEL-V3-TRAC] ode_rhs! loaded with Harris traction damping
[KERNEL-V3-TRAC] ode_rhs! loaded with Harris traction damping
[KERNEL-V3-TRAC] ode_rhs! loaded with Harris traction damping
[KERNEL-V3-TRAC] ode_rhs! loaded with Harris traction damping
[KERNEL-V3-TRAC] ode_rhs! loaded with Harris traction damping
[KERNEL-V3-TRAC] ode_rhs! loaded with Harris traction damping
[KERNEL-V3-TRAC] ode_rhs! loaded with Harris traction damping
[KERNEL-V3-TRAC] ode_rhs! loaded with Harris traction damping
[KERNEL-V3-TRAC] ode_rhs! loaded with Harris traction damping
[KERNEL-V3-TRAC] ode_rhs! loaded with Harris traction damping
[KERNEL-V3-TRAC] ode_rhs! loaded with Harris traction damping
[KERNEL-V3-TRAC] ode_rhs! loaded with Harris traction damping
[KERNEL-V3-TRAC] ode_rhs! loaded with Harris traction damping
[KERNEL-V3-TRAC] ode_rhs! loaded with Harris traction damping
[KERNEL-V3-TRAC] ode_rhs! loaded with Harris traction damping
[KERNEL-V3-TRAC] ode_rhs! loaded with Harris traction damping
[KERNEL-V3-TRAC] ode_rhs! loaded with Harris traction damping
[KERNEL-V3-TRAC] ode_rhs! loaded with Harris traction damping
[KERNEL-V3-TRAC] ode_rhs! loaded with Harris traction damping
[KERNEL-V3-TRAC] ode_rhs! loaded with Harris traction damping
[KERNEL-V3-TRAC] ode_rhs! loaded with Harris traction damping
[KERNEL-V3-TRAC] ode_rhs! loaded with Harris traction damping
[KERNEL-V3-TRAC] ode_rhs! loaded with Harris traction damping
[KERNEL-V3-TRAC] ode_rhs! loaded with Harris traction damping
[KERNEL-V3-TRAC] ode_rhs! loaded with Harris traction damping
[KERNEL-V3-TRAC] ode_rhs! loaded with Harris traction damping
[KERNEL-V3-TRAC] ode_rhs! loaded with Harris traction damping
[KERNEL-V3-TRAC] ode_rhs! loaded with Harris traction damping
[KERNEL-V3-TRAC] ode_rhs! loaded with Harris traction damping
[KERNEL-V3-TRAC] ode_rhs! loaded with Harris traction damping
[KERNEL-V3-TRAC] ode_rhs! loaded with Harris traction damping
[KERNEL-V3-TRAC] ode_rhs! loaded with Harris traction damping
[KERNEL-V3-TRAC] ode_rhs! loaded with Harris traction damping
[KERNEL-V3-TRAC] ode_rhs! loaded with Harris traction damping
[KERNEL-V3-TRAC] ode_rhs! loaded with Harris traction damping
[KERNEL-V3-TRAC] ode_rhs! loaded with Harris traction damping
[KERNEL-V3-TRAC] ode_rhs! loaded with Harris traction damping
[KERNEL-V3-TRAC] ode_rhs! loaded with Harris traction damping
[KERNEL-V3-TRAC] ode_rhs! loaded with Harris traction damping
[KERNEL-V3-TRAC] ode_rhs! loaded with Harris traction damping
[KERNEL-V3-TRAC] ode_rhs! loaded with Harris traction damping
[KERNEL-V3-TRAC] ode_rhs! loaded with Harris traction damping
[KERNEL-V3-TRAC] ode_rhs! loaded with Harris traction damping
[KERNEL-V3-TRAC] ode_rhs! loaded with Harris traction damping
[KERNEL-V3-TRAC] ode_rhs! loaded with Harris traction damping
[KERNEL-V3-TRAC] ode_rhs! loaded with Harris traction damping
[KERNEL-V3-TRAC] ode_rhs! loaded with Harris traction damping
[KERNEL-V3-TRAC] ode_rhs! loaded with Harris traction damping
[KERNEL-V3-TRAC] ode_rhs! loaded with Harris traction damping
[KERNEL-V3-TRAC] ode_rhs! loaded with Harris traction damping
[KERNEL-V3-TRAC] ode_rhs! loaded with Harris traction damping
[KERNEL-V3-TRAC] ode_rhs! loaded with Harris traction damping
[KERNEL-V3-TRAC] ode_rhs! loaded with Harris traction damping
[KERNEL-V3-TRAC] ode_rhs! loaded with Harris traction damping
[KERNEL-V3-TRAC] ode_rhs! loaded with Harris traction damping
[KERNEL-V3-TRAC] ode_rhs! loaded with Harris traction damping
[KERNEL-V3-TRAC] ode_rhs! loaded with Harris traction damping
[KERNEL-V3-TRAC] ode_rhs! loaded with Harris traction damping
[KERNEL-V3-TRAC] ode_rhs! loaded with Harris traction damping
[KERNEL-V3-TRAC] ode_rhs! loaded with Harris traction damping
[KERNEL-V3-TRAC] ode_rhs! loaded with Harris traction damping
[KERNEL-V3-TRAC] ode_rhs! loaded with Harris traction damping
[KERNEL-V3-TRAC] ode_rhs! loaded with Harris traction damping
[KERNEL-V3-TRAC] ode_rhs! loaded with Harris traction damping
[KERNEL-V3-TRAC] ode_rhs! loaded with Harris traction damping
[KERNEL-V3-TRAC] ode_rhs! loaded with Harris traction damping
[KERNEL-V3-TRAC] ode_rhs! loaded with Harris traction damping
[KERNEL-V3-TRAC] ode_rhs! loaded with Harris traction damping
[KERNEL-V3-TRAC] ode_rhs! loaded with Harris traction damping
[KERNEL-V3-TRAC] ode_rhs! loaded with Harris traction damping
[KERNEL-V3-TRAC] ode_rhs! loaded with Harris traction damping
[KERNEL-V3-TRAC] ode_rhs! loaded with Harris traction damping
[KERNEL-V3-TRAC] ode_rhs! loaded with Harris traction damping
[KERNEL-V3-TRAC] ode_rhs! loaded with Harris traction damping
[KERNEL-V3-TRAC] ode_rhs! loaded with Harris traction damping
[KERNEL-V3-TRAC] ode_rhs! loaded with Harris traction damping
[KERNEL-V3-TRAC] ode_rhs! loaded with Harris traction damping
[KERNEL-V3-TRAC] ode_rhs! loaded with Harris traction damping
[KERNEL-V3-TRAC] ode_rhs! loaded with Harris traction damping
[KERNEL-V3-TRAC] ode_rhs! loaded with Harris traction damping
[KERNEL-V3-TRAC] ode_rhs! loaded with Harris traction damping
[KERNEL-V3-TRAC] ode_rhs! loaded with Harris traction damping
[KERNEL-V3-TRAC] ode_rhs! loaded with Harris traction damping
[KERNEL-V3-TRAC] ode_rhs! loaded with Harris traction damping
[KERNEL-V3-TRAC] ode_rhs! loaded with Harris traction damping
[KERNEL-V3-TRAC] ode_rhs! loaded with Harris traction damping
[KERNEL-V3-TRAC] ode_rhs! loaded with Harris traction damping
[KERNEL-V3-TRAC] ode_rhs! loaded with Harris traction damping
[KERNEL-V3-TRAC] ode_rhs! loaded with Harris traction damping
[KERNEL-V3-TRAC] ode_rhs! loaded with Harris traction damping
[KERNEL-V3-TRAC] ode_rhs! loaded with Harris traction damping
[KERNEL-V3-TRAC] ode_rhs! loaded with Harris traction damping
[KERNEL-V3-TRAC] ode_rhs! loaded with Harris traction damping
[KERNEL-V3-TRAC] ode_rhs! loaded with Harris traction damping
[KERNEL-V3-TRAC] ode_rhs! loaded with Harris traction damping
[KERNEL-V3-TRAC] ode_rhs! loaded with Harris traction damping
[KERNEL-V3-TRAC] ode_rhs! loaded with Harris traction damping
[KERNEL-V3-TRAC] ode_rhs! loaded with Harris traction damping
[KERNEL-V3-TRAC] ode_rhs! loaded with Harris traction damping
[KERNEL-V3-TRAC] ode_rhs! loaded with Harris traction damping
[KERNEL-V3-TRAC] ode_rhs! loaded with Harris traction damping
[KERNEL-V3-TRAC] ode_rhs! loaded with Harris traction damping
[KERNEL-V3-TRAC] ode_rhs! loaded with Harris traction damping
[KERNEL-V3-TRAC] ode_rhs! loaded with Harris traction damping
[KERNEL-V3-TRAC] ode_rhs! loaded with Harris traction damping
[KERNEL-V3-TRAC] ode_rhs! loaded with Harris traction damping
[KERNEL-V3-TRAC] ode_rhs! loaded with Harris traction damping
[KERNEL-V3-TRAC] ode_rhs! loaded with Harris traction damping
[KERNEL-V3-TRAC] ode_rhs! loaded with Harris traction damping
[KERNEL-V3-TRAC] ode_rhs! loaded with Harris traction damping
[KERNEL-V3-TRAC] ode_rhs! loaded with Harris traction damping
[KERNEL-V3-TRAC] ode_rhs! loaded with Harris traction damping
[KERNEL-V3-TRAC] ode_rhs! loaded with Harris traction damping
[KERNEL-V3-TRAC] ode_rhs! loaded with Harris traction damping
[KERNEL-V3-TRAC] ode_rhs! loaded with Harris traction damping
[KERNEL-V3-TRAC] ode_rhs! loaded with Harris traction damping
[KERNEL-V3-TRAC] ode_rhs! loaded with Harris traction damping
[KERNEL-V3-TRAC] ode_rhs! loaded with Harris traction damping
[KERNEL-V3-TRAC] ode_rhs! loaded with Harris traction damping
[KERNEL-V3-TRAC] ode_rhs! loaded with Harris traction damping
[KERNEL-V3-TRAC] ode_rhs! loaded with Harris traction damping
[KERNEL-V3-TRAC] ode_rhs! loaded with Harris traction damping
[KERNEL-V3-TRAC] ode_rhs! loaded with Harris traction damping
[KERNEL-V3-TRAC] ode_rhs! loaded with Harris traction damping
[KERNEL-V3-TRAC] ode_rhs! loaded with Harris traction damping
[KERNEL-V3-TRAC] ode_rhs! loaded with Harris traction damping
[KERNEL-V3-TRAC] ode_rhs! loaded with Harris traction damping
[KERNEL-V3-TRAC] ode_rhs! loaded with Harris traction damping
[KERNEL-V3-TRAC] ode_rhs! loaded with Harris traction damping
[KERNEL-V3-TRAC] ode_rhs! loaded with Harris traction damping
[KERNEL-V3-TRAC] ode_rhs! loaded with Harris traction damping
[KERNEL-V3-TRAC] ode_rhs! loaded with Harris traction damping
[KERNEL-V3-TRAC] ode_rhs! loaded with Harris traction damping
[KERNEL-V3-TRAC] ode_rhs! loaded with Harris traction damping
[KERNEL-V3-TRAC] ode_rhs! loaded with Harris traction damping
[KERNEL-V3-TRAC] ode_rhs! loaded with Harris traction damping
[KERNEL-V3-TRAC] ode_rhs! loaded with Harris traction damping
[KERNEL-V3-TRAC] ode_rhs! loaded with Harris traction damping
[KERNEL-V3-TRAC] ode_rhs! loaded with Harris traction damping
[KERNEL-V3-TRAC] ode_rhs! loaded with Harris traction damping
[KERNEL-V3-TRAC] ode_rhs! loaded with Harris traction damping
[KERNEL-V3-TRAC] ode_rhs! loaded with Harris traction damping
[KERNEL-V3-TRAC] ode_rhs! loaded with Harris traction damping
[KERNEL-V3-TRAC] ode_rhs! loaded with Harris traction damping
  [ODE] Integrator at t = 2.48777e-14 s  (0.00 %)
Second Law of Thermodynamics (Positive Heat): Error During Test at E:\antigravity_folder\ADORE_V2_jl\test\test_physics_validation.jl:111
  Got exception outside of a @test
  UndefVarError: `field_output` not defined in `ADORE`
  Suggestion: check for spelling errors or missing imports.
  Stacktrace:
   [1] getproperty(x::Module, f::Symbol)
     @ Base .\Base_compiler.jl:47
   [2] macro expansion
     @ E:\antigravity_folder\ADORE_V2_jl\test\test_physics_validation.jl:128 [inlined]
   [3] macro expansion
     @ C:\Users\yuxinlu_qh\.julia\juliaup\julia-1.12.5+0.x64.w64.mingw32\share\julia\stdlib\v1.12\Test\src\Test.jl:1776 [inlined]
   [4] macro expansion
     @ E:\antigravity_folder\ADORE_V2_jl\test\test_physics_validation.jl:114 [inlined]
   [5] macro expansion
     @ C:\Users\yuxinlu_qh\.julia\juliaup\julia-1.12.5+0.x64.w64.mingw32\share\julia\stdlib\v1.12\Test\src\Test.jl:1776 [inlined]
   [6] top-level scope
     @ E:\antigravity_folder\ADORE_V2_jl\test\test_physics_validation.jl:16
   [7] include(mod::Module, _path::String)
     @ Base .\Base.jl:306
   [8] exec_options(opts::Base.JLOptions)
     @ Base .\client.jl:317
   [9] _start()
     @ Base .\client.jl:550

========================================
Test 4: Zero-Friction Conservative Limit
========================================
Conservative Hamiltonian Recovery: Error During Test at E:\antigravity_folder\ADORE_V2_jl\test\test_physics_validation.jl:144
  Got exception outside of a @test
  MethodError: no method matching TractionParams(::Float64, ::Float64, ::Float64, ::Float64)
  The type `TractionParams` exists, but no method is defined for this combination of argument types when trying to construct it.
  
  Closest candidates are:
    TractionParams(; kappa_0, kappa_inf, kappa_m, u_m)
     @ ADORE E:\antigravity_folder\ADORE_V2_jl\src\Config\types.jl:232
  
  Stacktrace:
   [1] macro expansion
     @ E:\antigravity_folder\ADORE_V2_jl\test\test_physics_validation.jl:152 [inlined]
   [2] macro expansion
     @ C:\Users\yuxinlu_qh\.julia\juliaup\julia-1.12.5+0.x64.w64.mingw32\share\julia\stdlib\v1.12\Test\src\Test.jl:1776 [inlined]
   [3] macro expansion
     @ E:\antigravity_folder\ADORE_V2_jl\test\test_physics_validation.jl:148 [inlined]
   [4] macro expansion
     @ C:\Users\yuxinlu_qh\.julia\juliaup\julia-1.12.5+0.x64.w64.mingw32\share\julia\stdlib\v1.12\Test\src\Test.jl:1776 [inlined]
   [5] top-level scope
     @ E:\antigravity_folder\ADORE_V2_jl\test\test_physics_validation.jl:16
   [6] include(mod::Module, _path::String)
     @ Base .\Base.jl:306
   [7] exec_options(opts::Base.JLOptions)
     @ Base .\client.jl:317
   [8] _start()
     @ Base .\client.jl:550

========================================
Test 5: Dimensional Objectivity
========================================
Scale Invariance (Objective ODEs): Error During Test at E:\antigravity_folder\ADORE_V2_jl\test\test_physics_validation.jl:188
  Got exception outside of a @test
  ArgumentError: dt_output (0.005) must be < t_end (0.005)
  Stacktrace:
    [1] SimulationConfig
      @ E:\antigravity_folder\ADORE_V2_jl\src\Config\types.jl:413 [inlined]
    [2] #SimulationConfig#13
      @ E:\antigravity_folder\ADORE_V2_jl\src\Config\types.jl:395 [inlined]
    [3] macro expansion
      @ E:\antigravity_folder\ADORE_V2_jl\test\test_physics_validation.jl:198 [inlined]
    [4] macro expansion
      @ C:\Users\yuxinlu_qh\.julia\juliaup\julia-1.12.5+0.x64.w64.mingw32\share\julia\stdlib\v1.12\Test\src\Test.jl:1776 [inlined]
    [5] macro expansion
      @ E:\antigravity_folder\ADORE_V2_jl\test\test_physics_validation.jl:192 [inlined]
    [6] macro expansion
      @ C:\Users\yuxinlu_qh\.julia\juliaup\julia-1.12.5+0.x64.w64.mingw32\share\julia\stdlib\v1.12\Test\src\Test.jl:1776 [inlined]
    [7] top-level scope
      @ E:\antigravity_folder\ADORE_V2_jl\test\test_physics_validation.jl:16
    [8] include(mod::Module, _path::String)
      @ Base .\Base.jl:306
    [9] exec_options(opts::Base.JLOptions)
      @ Base .\client.jl:317
   [10] _start()
      @ Base .\client.jl:550
Test Summary:                                   | Error  Total   Time
ADORE Physics Validation Suite                  |     5      5  16.7s
  Quasi-Static Limit Convergence                |     1      1   1.3s
  Symmetry and Invariance under Pure Axial Load |     1      1   0.0s
  Second Law of Thermodynamics (Positive Heat)  |     1      1  14.7s
  Conservative Hamiltonian Recovery             |     1      1   0.7s
  Scale Invariance (Objective ODEs)             |     1      1   0.0s
RNG of the outermost testset: Random.Xoshiro(0x0d069615fe53b399, 0x317f575c3eb43c53, 0x4bbf0e78d5fdf46f, 0x4426c362008e607c, 0xf94f3c34ec4ad221)
julia : ERROR: LoadError: Some tests did not pass: 0 
passed, 0 failed, 5 errored, 0 broken.
所在位置 行:1 字符: 1
+ julia --project=. test/test_physics_validation.jl 2
>&1 | Tee-Object - ...
+ ~~~~~~~~~~~~~~~~~~~~~~~~~~~~~~~~~~~~~~~~~~~~~~~~~~~
~~~
    + CategoryInfo          : NotSpecified: (ERROR:  
   LoadErro...ored, 0 broken.:String) [], RemoteExc  
  eption
    + FullyQualifiedErrorId : NativeCommandError
 
in expression starting at E:\antigravity_folder\ADORE
_V2_jl\test\test_physics_validation.jl:14
